// Jest Snapshot v1, https://goo.gl/fbAQLP

exports[`TranslateMenu Component should compare a snapshot of TranslateMenu 1`] = `
<div
  className="header__translate-menu"
>
  <withStyles(Button)
    aria-haspopup="true"
    aria-owns={null}
    onClick={[Function]}
  >
    ENGLISH
  </withStyles(Button)>
  <pure(Translate)
    className="header__translate-menu__icon"
    onClick={[Function]}
  />
  <withStyles(Menu)
    anchorEl={null}
    id="simple-menu"
    onClose={[Function]}
    open={false}
  >
    <withStyles(MenuItem)
      id="ENGLISH"
      onClick={[Function]}
    >
      English
    </withStyles(MenuItem)>
    <withStyles(MenuItem)
      id="ESPAÑOL"
      onClick={[Function]}
    >
      Español
    </withStyles(MenuItem)>
  </withStyles(Menu)>
</div>
`;
