// Jest Snapshot v1, https://goo.gl/fbAQLP

exports[`should compare a snapshot of Routs 1`] = `
<Route
  render={[Function]}
/>
`;
