// Jest Snapshot v1, https://goo.gl/fbAQLP

exports[`shold compara a snapshot of HeaderAppBar 1`] = `
ShallowWrapper {
  "length": 1,
  Symbol(enzyme.__root__): [Circular],
  Symbol(enzyme.__unrendered__): <HeaderAppBar />,
  Symbol(enzyme.__renderer__): Object {
    "batchedUpdates": [Function],
    "getNode": [Function],
    "render": [Function],
    "simulateEvent": [Function],
    "unmount": [Function],
  },
  Symbol(enzyme.__node__): Object {
    "instance": null,
    "key": undefined,
    "nodeType": "class",
    "props": Object {
      "children": <withStyles(Toolbar)>
        <withStyles(Typography)
                color="inherit"
                type="title"
        >
                AO HyS
        </withStyles(Typography)>
</withStyles(Toolbar)>,
      "position": "static",
    },
    "ref": null,
    "rendered": Object {
      "instance": null,
      "key": undefined,
      "nodeType": "class",
      "props": Object {
        "children": <withStyles(Typography)
          color="inherit"
          type="title"
>
          AO HyS
</withStyles(Typography)>,
      },
      "ref": null,
      "rendered": Object {
        "instance": null,
        "key": undefined,
        "nodeType": "class",
        "props": Object {
          "children": "AO HyS",
          "color": "inherit",
          "type": "title",
        },
        "ref": null,
        "rendered": "AO HyS",
        "type": [Function],
      },
      "type": [Function],
    },
    "type": [Function],
  },
  Symbol(enzyme.__nodes__): Array [
    Object {
      "instance": null,
      "key": undefined,
      "nodeType": "class",
      "props": Object {
        "children": <withStyles(Toolbar)>
          <withStyles(Typography)
                    color="inherit"
                    type="title"
          >
                    AO HyS
          </withStyles(Typography)>
</withStyles(Toolbar)>,
        "position": "static",
      },
      "ref": null,
      "rendered": Object {
        "instance": null,
        "key": undefined,
        "nodeType": "class",
        "props": Object {
          "children": <withStyles(Typography)
            color="inherit"
            type="title"
>
            AO HyS
</withStyles(Typography)>,
        },
        "ref": null,
        "rendered": Object {
          "instance": null,
          "key": undefined,
          "nodeType": "class",
          "props": Object {
            "children": "AO HyS",
            "color": "inherit",
            "type": "title",
          },
          "ref": null,
          "rendered": "AO HyS",
          "type": [Function],
        },
        "type": [Function],
      },
      "type": [Function],
    },
  ],
  Symbol(enzyme.__options__): Object {
    "adapter": ReactSixteenAdapter {
      "options": Object {
        "enableComponentDidUpdateOnSetState": true,
      },
    },
  },
}
`;
