// Jest Snapshot v1, https://goo.gl/fbAQLP

exports[`shold compara a snapshot of FooterApp 1`] = `
ShallowWrapper {
  "length": 1,
  Symbol(enzyme.__root__): [Circular],
  Symbol(enzyme.__unrendered__): <FooterApp />,
  Symbol(enzyme.__renderer__): Object {
    "batchedUpdates": [Function],
    "getNode": [Function],
    "render": [Function],
    "simulateEvent": [Function],
    "unmount": [Function],
  },
  Symbol(enzyme.__node__): Object {
    "instance": null,
    "key": undefined,
    "nodeType": "host",
    "props": Object {
      "children": <div
        className="footer__divider"
>
        <h4
                className="footer__title"
        >
                AO HyS PortFolio
        </h4>
        <a
                className="footer__hyperlink"
                href="https://github.com/corrortiz"
                target="blank"
        >
                <Github />
        </a>
</div>,
      "className": "footer",
    },
    "ref": null,
    "rendered": Object {
      "instance": null,
      "key": undefined,
      "nodeType": "host",
      "props": Object {
        "children": Array [
          <h4
            className="footer__title"
>
            AO HyS PortFolio
</h4>,
          <a
            className="footer__hyperlink"
            href="https://github.com/corrortiz"
            target="blank"
>
            <Github />
</a>,
        ],
        "className": "footer__divider",
      },
      "ref": null,
      "rendered": Array [
        Object {
          "instance": null,
          "key": undefined,
          "nodeType": "host",
          "props": Object {
            "children": "AO HyS PortFolio",
            "className": "footer__title",
          },
          "ref": null,
          "rendered": "AO HyS PortFolio",
          "type": "h4",
        },
        Object {
          "instance": null,
          "key": undefined,
          "nodeType": "host",
          "props": Object {
            "children": <Github />,
            "className": "footer__hyperlink",
            "href": "https://github.com/corrortiz",
            "target": "blank",
          },
          "ref": null,
          "rendered": Object {
            "instance": null,
            "key": undefined,
            "nodeType": "function",
            "props": Object {},
            "ref": null,
            "rendered": null,
            "type": [Function],
          },
          "type": "a",
        },
      ],
      "type": "div",
    },
    "type": "footer",
  },
  Symbol(enzyme.__nodes__): Array [
    Object {
      "instance": null,
      "key": undefined,
      "nodeType": "host",
      "props": Object {
        "children": <div
          className="footer__divider"
>
          <h4
                    className="footer__title"
          >
                    AO HyS PortFolio
          </h4>
          <a
                    className="footer__hyperlink"
                    href="https://github.com/corrortiz"
                    target="blank"
          >
                    <Github />
          </a>
</div>,
        "className": "footer",
      },
      "ref": null,
      "rendered": Object {
        "instance": null,
        "key": undefined,
        "nodeType": "host",
        "props": Object {
          "children": Array [
            <h4
              className="footer__title"
>
              AO HyS PortFolio
</h4>,
            <a
              className="footer__hyperlink"
              href="https://github.com/corrortiz"
              target="blank"
>
              <Github />
</a>,
          ],
          "className": "footer__divider",
        },
        "ref": null,
        "rendered": Array [
          Object {
            "instance": null,
            "key": undefined,
            "nodeType": "host",
            "props": Object {
              "children": "AO HyS PortFolio",
              "className": "footer__title",
            },
            "ref": null,
            "rendered": "AO HyS PortFolio",
            "type": "h4",
          },
          Object {
            "instance": null,
            "key": undefined,
            "nodeType": "host",
            "props": Object {
              "children": <Github />,
              "className": "footer__hyperlink",
              "href": "https://github.com/corrortiz",
              "target": "blank",
            },
            "ref": null,
            "rendered": Object {
              "instance": null,
              "key": undefined,
              "nodeType": "function",
              "props": Object {},
              "ref": null,
              "rendered": null,
              "type": [Function],
            },
            "type": "a",
          },
        ],
        "type": "div",
      },
      "type": "footer",
    },
  ],
  Symbol(enzyme.__options__): Object {
    "adapter": ReactSixteenAdapter {
      "options": Object {
        "enableComponentDidUpdateOnSetState": true,
      },
    },
  },
}
`;
