// Jest Snapshot v1, https://goo.gl/fbAQLP

exports[`HeadarAppBar should compare a snapshot of HeaderAppBar 1`] = `
ShallowWrapper {
  "length": 1,
  Symbol(enzyme.__root__): [Circular],
  Symbol(enzyme.__unrendered__): <withStyles(Connect(NameWrappedComponent)) />,
  Symbol(enzyme.__renderer__): Object {
    "batchedUpdates": [Function],
    "getNode": [Function],
    "render": [Function],
    "simulateEvent": [Function],
    "unmount": [Function],
  },
  Symbol(enzyme.__node__): Object {
    "instance": null,
    "key": undefined,
    "nodeType": "class",
    "props": Object {
      "classes": Object {
        "flex": "Connect-NameWrappedComponent--flex-2",
        "menuButton": "Connect-NameWrappedComponent--menuButton-3",
        "root": "Connect-NameWrappedComponent--root-1",
      },
    },
    "ref": null,
    "rendered": null,
    "type": [Function],
  },
  Symbol(enzyme.__nodes__): Array [
    Object {
      "instance": null,
      "key": undefined,
      "nodeType": "class",
      "props": Object {
        "classes": Object {
          "flex": "Connect-NameWrappedComponent--flex-2",
          "menuButton": "Connect-NameWrappedComponent--menuButton-3",
          "root": "Connect-NameWrappedComponent--root-1",
        },
      },
      "ref": null,
      "rendered": null,
      "type": [Function],
    },
  ],
  Symbol(enzyme.__options__): Object {
    "adapter": ReactSixteenAdapter {
      "options": Object {
        "enableComponentDidUpdateOnSetState": true,
      },
    },
  },
}
`;
