// Jest Snapshot v1, https://goo.gl/fbAQLP

exports[`should compare a snapshot of ContactRout 1`] = `
<div>
  <h1>
    Contact Rout, Beacthhh
  </h1>
</div>
`;
