// Jest Snapshot v1, https://goo.gl/fbAQLP

exports[`should compare a snapshot of ProjectsRoute 1`] = `
<div>
  <h1>
    Kiri
  </h1>
</div>
`;
